// Jest Snapshot v1, https://goo.gl/fbAQLP

exports[`InformationlBock InformationlBock should be rendered 1`] = `
<div
  className="information-container"
>
  <div
    className="heading"
    style={
      Object {
        "width": undefined,
      }
    }
  >
    <h3>
      Information
    </h3>
  </div>
  <div
    className="list-group"
    onKeyDown={[Function]}
  >
    <div
      className="list-group-item list-group-item-warning"
      data-rb-event-key={null}
      disabled={false}
      onClick={[Function]}
    >
      Player One : 
      Yousuf
    </div>
    <div
      className="list-group-item"
      data-rb-event-key={null}
      disabled={false}
      onClick={[Function]}
    >
      Player Two : 
      Rifay
    </div>
  </div>
  <img
    alt="Winner"
    className="trophy"
    src="winner.gif"
  />
  ;
  <h4>
    Game Draw
  </h4>
  <button
    className="btn btn-warning"
    disabled={false}
    onClick={[Function]}
    type="button"
  >
    Start New Game
  </button>
   
  <button
    className="btn btn-secondary"
    disabled={false}
    onClick={[Function]}
    type="button"
  >
    Play Again
  </button>
</div>
`;
